--- value audit (unknown values would have raised) ---
  AGE                                3 values,     0 missing
  SEX                                2 values,    30 missing
  SMOKER                             6 values,     0 missing
  ASTHMA                             2 values,   183 missing
  RESP_OTHER                         2 values,   183 missing
  ABDOMINAL_PAIN                     2 values,     0 missing
  CHANGE_TO_SENSE_OF_SMELL_OR_TASTE  2 values,     0 missing
  COUGH_ANY                          2 values,     0 missing
  DIARRHOEA                          2 values,     0 missing
  FATIGUE                            2 values,     0 missing
  FEVER_HIGH_TEMPERATURE             2 values,     0 missing
  HEADACHE                           2 values,     0 missing
  LOSS_OF_TASTE                      2 values,     0 missing
  NEW_CONTINUOUS_COUGH               2 values,     0 missing
  NONE                               2 values,     0 missing
  OTHER                              2 values,     0 missing
  RUNNY_OR_BLOCKED_NOSE              2 values,     0 missing
  SHORTNESS_OF_BREATH                2 values,     0 missing
  SORE_THROAT                        2 values,     0 missing

72458 participants, 12992 distinct schema texts
Loading checkpoint shards:   0%|          | 0/2 [00:00<?, ?it/s]Loading checkpoint shards:  50%|█████     | 1/2 [00:00<00:00,  1.47it/s]Loading checkpoint shards: 100%|██████████| 2/2 [00:00<00:00,  2.73it/s]
token length over all 12992 texts: min 188 max 200; MAX_LEN 200 (official 125 would truncate 12992 of 12992)
unique-text embeddings (12992, 2560)

1. cache stability under shuffled order: bit-identical True   hash 31eee607c3a24b73 vs 31eee607c3a24b73

2. field decodability, unique texts split 9104/3888 (identical profiles cannot straddle)
   AGE                                3 classes  acc 1.0000
   SEX                                3 classes  acc 1.0000
   SMOKER                             6 classes  acc 1.0000
   ASTHMA                             3 classes  acc 1.0000
   RESP_OTHER                         3 classes  acc 0.9990
   ABDOMINAL_PAIN                     2 classes  acc 1.0000  AUROC 1.0000
   CHANGE_TO_SENSE_OF_SMELL_OR_TASTE  2 classes  acc 0.9995  AUROC 1.0000
   COUGH_ANY                          2 classes  acc 0.9987  AUROC 1.0000
   DIARRHOEA                          2 classes  acc 0.9961  AUROC 0.9983
   FATIGUE                            2 classes  acc 0.9985  AUROC 1.0000
   FEVER_HIGH_TEMPERATURE             2 classes  acc 0.9969  AUROC 0.9994
   HEADACHE                           2 classes  acc 0.9977  AUROC 1.0000
   LOSS_OF_TASTE                      2 classes  acc 0.9961  AUROC 0.9991
   NEW_CONTINUOUS_COUGH               2 classes  acc 0.9977  AUROC 0.9988
   NONE                               2 classes  acc 0.9956  AUROC 0.9872
   OTHER                              2 classes  acc 0.9982  AUROC 1.0000
   RUNNY_OR_BLOCKED_NOSE              2 classes  acc 0.9987  AUROC 0.9999
   SHORTNESS_OF_BREATH                2 classes  acc 0.9969  AUROC 0.9982
   SORE_THROAT                        2 classes  acc 0.9974  AUROC 0.9981

3. one-field-apart cosine similarity, constructed per field (descriptive diagnostic, not a gate)
   AGE                                n=  3591  sim 0.9960
   SEX                                n=  2574  sim 0.9970
   SMOKER                             n=  4224  sim 0.9961
   ASTHMA                             n=  1861  sim 0.9974
   RESP_OTHER                         n=   544  sim 0.9980
   ABDOMINAL_PAIN                     n=  1278  sim 0.9979
   CHANGE_TO_SENSE_OF_SMELL_OR_TASTE  n=  1872  sim 0.9992
   COUGH_ANY                          n=  2157  sim 0.9991
   DIARRHOEA                          n=  1314  sim 0.9994
   FATIGUE                            n=  2263  sim 0.9996
   FEVER_HIGH_TEMPERATURE             n=  1899  sim 0.9997
   HEADACHE                           n=  2366  sim 0.9998
   LOSS_OF_TASTE                      n=  1463  sim 0.9999
   NEW_CONTINUOUS_COUGH               n=  1814  sim 0.9999
   NONE                               n=    57  sim 0.9999
   OTHER                              n=  1535  sim 1.0000
   RUNNY_OR_BLOCKED_NOSE              n=  2346  sim 1.0000
   SHORTNESS_OF_BREATH                n=  2138  sim 1.0000
   SORE_THROAT                        n=  2263  sim 1.0000
   random pairs                       n=  5000  sim 0.9951

4. ambiguity (NOT retrieval): 5437 texts for 20714 train participants; 80.8% share a profile with someone else; modal profile 7.9%
   audio→text retrieval is measured in the projector smoke test, not here

5. duplicate-induced loss floor over the REAL batch manifest (batch 64, drop_last=False; log(E[K]) withdrawn)
   20714 train participants -> 323 full batches of 64 plus one of 42
   mean log K over the real manifest: 0.5553 nats (sd 0.0020 across 20 shuffles)
   the iid batch-64 approximation would have said 0.5658; the manifest value is what training reports

wrote results/text_axis_check.json, results/metadata_texts.csv, results/metadata_text_embeddings.npz
